[2026-03-12T03:01:01.261+0000] {processor.py:161} INFO - Started process (PID=264) to work on /opt/airflow/dags/build_process_model.py
[2026-03-12T03:01:01.263+0000] {processor.py:830} INFO - Processing file /opt/airflow/dags/build_process_model.py for tasks to queue
[2026-03-12T03:01:01.268+0000] {logging_mixin.py:188} INFO - [2026-03-12T03:01:01.267+0000] {dagbag.py:545} INFO - Filling up the DagBag from /opt/airflow/dags/build_process_model.py
[2026-03-12T03:01:01.315+0000] {processor.py:840} INFO - DAG(s) 'build_process_model' retrieved from /opt/airflow/dags/build_process_model.py
[2026-03-12T03:01:01.466+0000] {logging_mixin.py:188} INFO - [2026-03-12T03:01:01.465+0000] {override.py:1858} INFO - Created Permission View: can edit on DAG:build_process_model
[2026-03-12T03:01:01.478+0000] {logging_mixin.py:188} INFO - [2026-03-12T03:01:01.477+0000] {override.py:1858} INFO - Created Permission View: can read on DAG:build_process_model
[2026-03-12T03:01:01.488+0000] {logging_mixin.py:188} INFO - [2026-03-12T03:01:01.488+0000] {override.py:1858} INFO - Created Permission View: can delete on DAG:build_process_model
[2026-03-12T03:01:01.489+0000] {logging_mixin.py:188} INFO - [2026-03-12T03:01:01.489+0000] {dag.py:3089} INFO - Sync 1 DAGs
[2026-03-12T03:01:01.503+0000] {logging_mixin.py:188} INFO - [2026-03-12T03:01:01.503+0000] {dag.py:3111} INFO - Creating ORM DAG for build_process_model
[2026-03-12T03:01:01.516+0000] {logging_mixin.py:188} INFO - [2026-03-12T03:01:01.515+0000] {dag.py:3947} INFO - Setting next_dagrun for build_process_model to 2026-03-10 17:15:00+00:00, run_after=2026-03-11 17:15:00+00:00
[2026-03-12T03:01:01.545+0000] {processor.py:183} INFO - Processing /opt/airflow/dags/build_process_model.py took 0.296 seconds
[2026-03-12T03:01:31.692+0000] {processor.py:161} INFO - Started process (PID=279) to work on /opt/airflow/dags/build_process_model.py
[2026-03-12T03:01:31.694+0000] {processor.py:830} INFO - Processing file /opt/airflow/dags/build_process_model.py for tasks to queue
[2026-03-12T03:01:31.698+0000] {logging_mixin.py:188} INFO - [2026-03-12T03:01:31.697+0000] {dagbag.py:545} INFO - Filling up the DagBag from /opt/airflow/dags/build_process_model.py
[2026-03-12T03:01:31.736+0000] {processor.py:840} INFO - DAG(s) 'build_process_model' retrieved from /opt/airflow/dags/build_process_model.py
[2026-03-12T03:01:31.783+0000] {logging_mixin.py:188} INFO - [2026-03-12T03:01:31.782+0000] {dag.py:3089} INFO - Sync 1 DAGs
[2026-03-12T03:01:31.814+0000] {logging_mixin.py:188} INFO - [2026-03-12T03:01:31.814+0000] {dag.py:3947} INFO - Setting next_dagrun for build_process_model to 2026-03-10 17:15:00+00:00, run_after=2026-03-11 17:15:00+00:00
[2026-03-12T03:01:31.844+0000] {processor.py:183} INFO - Processing /opt/airflow/dags/build_process_model.py took 0.159 seconds
[2026-03-12T03:02:02.137+0000] {processor.py:161} INFO - Started process (PID=294) to work on /opt/airflow/dags/build_process_model.py
[2026-03-12T03:02:02.139+0000] {processor.py:830} INFO - Processing file /opt/airflow/dags/build_process_model.py for tasks to queue
[2026-03-12T03:02:02.142+0000] {logging_mixin.py:188} INFO - [2026-03-12T03:02:02.142+0000] {dagbag.py:545} INFO - Filling up the DagBag from /opt/airflow/dags/build_process_model.py
[2026-03-12T03:02:02.182+0000] {processor.py:840} INFO - DAG(s) 'build_process_model' retrieved from /opt/airflow/dags/build_process_model.py
[2026-03-12T03:02:02.237+0000] {logging_mixin.py:188} INFO - [2026-03-12T03:02:02.236+0000] {dag.py:3089} INFO - Sync 1 DAGs
[2026-03-12T03:02:02.270+0000] {logging_mixin.py:188} INFO - [2026-03-12T03:02:02.269+0000] {dag.py:3947} INFO - Setting next_dagrun for build_process_model to 2026-03-10 17:15:00+00:00, run_after=2026-03-11 17:15:00+00:00
[2026-03-12T03:02:02.303+0000] {processor.py:183} INFO - Processing /opt/airflow/dags/build_process_model.py took 0.177 seconds
[2026-03-12T03:02:32.530+0000] {processor.py:161} INFO - Started process (PID=309) to work on /opt/airflow/dags/build_process_model.py
[2026-03-12T03:02:32.532+0000] {processor.py:830} INFO - Processing file /opt/airflow/dags/build_process_model.py for tasks to queue
[2026-03-12T03:02:32.535+0000] {logging_mixin.py:188} INFO - [2026-03-12T03:02:32.535+0000] {dagbag.py:545} INFO - Filling up the DagBag from /opt/airflow/dags/build_process_model.py
[2026-03-12T03:02:32.590+0000] {processor.py:840} INFO - DAG(s) 'build_process_model' retrieved from /opt/airflow/dags/build_process_model.py
[2026-03-12T03:02:32.638+0000] {logging_mixin.py:188} INFO - [2026-03-12T03:02:32.638+0000] {dag.py:3089} INFO - Sync 1 DAGs
[2026-03-12T03:02:32.670+0000] {logging_mixin.py:188} INFO - [2026-03-12T03:02:32.670+0000] {dag.py:3947} INFO - Setting next_dagrun for build_process_model to 2026-03-10 17:15:00+00:00, run_after=2026-03-11 17:15:00+00:00
[2026-03-12T03:02:32.699+0000] {processor.py:183} INFO - Processing /opt/airflow/dags/build_process_model.py took 0.179 seconds
[2026-03-12T03:03:02.822+0000] {processor.py:161} INFO - Started process (PID=324) to work on /opt/airflow/dags/build_process_model.py
[2026-03-12T03:03:02.823+0000] {processor.py:830} INFO - Processing file /opt/airflow/dags/build_process_model.py for tasks to queue
[2026-03-12T03:03:02.826+0000] {logging_mixin.py:188} INFO - [2026-03-12T03:03:02.826+0000] {dagbag.py:545} INFO - Filling up the DagBag from /opt/airflow/dags/build_process_model.py
[2026-03-12T03:03:02.874+0000] {processor.py:840} INFO - DAG(s) 'build_process_model' retrieved from /opt/airflow/dags/build_process_model.py
[2026-03-12T03:03:02.917+0000] {logging_mixin.py:188} INFO - [2026-03-12T03:03:02.917+0000] {dag.py:3089} INFO - Sync 1 DAGs
[2026-03-12T03:03:02.950+0000] {logging_mixin.py:188} INFO - [2026-03-12T03:03:02.950+0000] {dag.py:3947} INFO - Setting next_dagrun for build_process_model to 2026-03-10 17:15:00+00:00, run_after=2026-03-11 17:15:00+00:00
[2026-03-12T03:03:02.985+0000] {processor.py:183} INFO - Processing /opt/airflow/dags/build_process_model.py took 0.171 seconds
[2026-03-12T03:03:34.000+0000] {processor.py:161} INFO - Started process (PID=339) to work on /opt/airflow/dags/build_process_model.py
[2026-03-12T03:03:34.002+0000] {processor.py:830} INFO - Processing file /opt/airflow/dags/build_process_model.py for tasks to queue
[2026-03-12T03:03:34.005+0000] {logging_mixin.py:188} INFO - [2026-03-12T03:03:34.005+0000] {dagbag.py:545} INFO - Filling up the DagBag from /opt/airflow/dags/build_process_model.py
[2026-03-12T03:03:34.051+0000] {processor.py:840} INFO - DAG(s) 'build_process_model' retrieved from /opt/airflow/dags/build_process_model.py
[2026-03-12T03:03:34.099+0000] {logging_mixin.py:188} INFO - [2026-03-12T03:03:34.098+0000] {dag.py:3089} INFO - Sync 1 DAGs
[2026-03-12T03:03:34.128+0000] {logging_mixin.py:188} INFO - [2026-03-12T03:03:34.128+0000] {dag.py:3947} INFO - Setting next_dagrun for build_process_model to 2026-03-10 17:15:00+00:00, run_after=2026-03-11 17:15:00+00:00
[2026-03-12T03:03:34.156+0000] {processor.py:183} INFO - Processing /opt/airflow/dags/build_process_model.py took 0.165 seconds
