[2026-03-12T02:56:01.032+0000] {processor.py:161} INFO - Started process (PID=164) to work on /opt/airflow/dags/build_cases.py
[2026-03-12T02:56:01.035+0000] {processor.py:830} INFO - Processing file /opt/airflow/dags/build_cases.py for tasks to queue
[2026-03-12T02:56:01.038+0000] {logging_mixin.py:188} INFO - [2026-03-12T02:56:01.037+0000] {dagbag.py:545} INFO - Filling up the DagBag from /opt/airflow/dags/build_cases.py
[2026-03-12T02:56:01.123+0000] {processor.py:840} INFO - DAG(s) 'build_cases' retrieved from /opt/airflow/dags/build_cases.py
[2026-03-12T02:56:01.587+0000] {logging_mixin.py:188} INFO - [2026-03-12T02:56:01.585+0000] {override.py:1858} INFO - Created Permission View: can edit on DAG:build_cases
[2026-03-12T02:56:01.613+0000] {logging_mixin.py:188} INFO - [2026-03-12T02:56:01.613+0000] {override.py:1858} INFO - Created Permission View: can read on DAG:build_cases
[2026-03-12T02:56:01.626+0000] {logging_mixin.py:188} INFO - [2026-03-12T02:56:01.625+0000] {override.py:1858} INFO - Created Permission View: can delete on DAG:build_cases
[2026-03-12T02:56:01.627+0000] {logging_mixin.py:188} INFO - [2026-03-12T02:56:01.627+0000] {dag.py:3089} INFO - Sync 1 DAGs
[2026-03-12T02:56:01.661+0000] {logging_mixin.py:188} INFO - [2026-03-12T02:56:01.661+0000] {dag.py:3111} INFO - Creating ORM DAG for build_cases
[2026-03-12T02:56:01.690+0000] {logging_mixin.py:188} INFO - [2026-03-12T02:56:01.689+0000] {dag.py:3947} INFO - Setting next_dagrun for build_cases to 2026-03-12 01:00:00+00:00, run_after=2026-03-12 02:00:00+00:00
[2026-03-12T02:56:01.734+0000] {processor.py:183} INFO - Processing /opt/airflow/dags/build_cases.py took 0.714 seconds
[2026-03-12T02:56:31.921+0000] {processor.py:161} INFO - Started process (PID=174) to work on /opt/airflow/dags/build_cases.py
[2026-03-12T02:56:31.923+0000] {processor.py:830} INFO - Processing file /opt/airflow/dags/build_cases.py for tasks to queue
[2026-03-12T02:56:31.927+0000] {logging_mixin.py:188} INFO - [2026-03-12T02:56:31.926+0000] {dagbag.py:545} INFO - Filling up the DagBag from /opt/airflow/dags/build_cases.py
[2026-03-12T02:56:31.974+0000] {processor.py:840} INFO - DAG(s) 'build_cases' retrieved from /opt/airflow/dags/build_cases.py
[2026-03-12T02:56:32.034+0000] {logging_mixin.py:188} INFO - [2026-03-12T02:56:32.034+0000] {dag.py:3089} INFO - Sync 1 DAGs
[2026-03-12T02:56:32.073+0000] {logging_mixin.py:188} INFO - [2026-03-12T02:56:32.072+0000] {dag.py:3947} INFO - Setting next_dagrun for build_cases to 2026-03-12 01:00:00+00:00, run_after=2026-03-12 02:00:00+00:00
[2026-03-12T02:56:32.102+0000] {processor.py:183} INFO - Processing /opt/airflow/dags/build_cases.py took 0.198 seconds
[2026-03-12T02:57:02.305+0000] {processor.py:161} INFO - Started process (PID=184) to work on /opt/airflow/dags/build_cases.py
[2026-03-12T02:57:02.307+0000] {processor.py:830} INFO - Processing file /opt/airflow/dags/build_cases.py for tasks to queue
[2026-03-12T02:57:02.310+0000] {logging_mixin.py:188} INFO - [2026-03-12T02:57:02.310+0000] {dagbag.py:545} INFO - Filling up the DagBag from /opt/airflow/dags/build_cases.py
[2026-03-12T02:57:02.354+0000] {processor.py:840} INFO - DAG(s) 'build_cases' retrieved from /opt/airflow/dags/build_cases.py
[2026-03-12T02:57:02.417+0000] {logging_mixin.py:188} INFO - [2026-03-12T02:57:02.417+0000] {dag.py:3089} INFO - Sync 1 DAGs
[2026-03-12T02:57:02.459+0000] {logging_mixin.py:188} INFO - [2026-03-12T02:57:02.458+0000] {dag.py:3947} INFO - Setting next_dagrun for build_cases to 2026-03-12 01:00:00+00:00, run_after=2026-03-12 02:00:00+00:00
[2026-03-12T02:57:02.495+0000] {processor.py:183} INFO - Processing /opt/airflow/dags/build_cases.py took 0.202 seconds
[2026-03-12T02:57:32.986+0000] {processor.py:161} INFO - Started process (PID=194) to work on /opt/airflow/dags/build_cases.py
[2026-03-12T02:57:32.988+0000] {processor.py:830} INFO - Processing file /opt/airflow/dags/build_cases.py for tasks to queue
[2026-03-12T02:57:33.029+0000] {logging_mixin.py:188} INFO - [2026-03-12T02:57:33.028+0000] {dagbag.py:545} INFO - Filling up the DagBag from /opt/airflow/dags/build_cases.py
[2026-03-12T02:57:33.121+0000] {processor.py:840} INFO - DAG(s) 'build_cases' retrieved from /opt/airflow/dags/build_cases.py
[2026-03-12T02:57:33.172+0000] {logging_mixin.py:188} INFO - [2026-03-12T02:57:33.171+0000] {dag.py:3089} INFO - Sync 1 DAGs
[2026-03-12T02:57:33.206+0000] {logging_mixin.py:188} INFO - [2026-03-12T02:57:33.205+0000] {dag.py:3947} INFO - Setting next_dagrun for build_cases to 2026-03-12 01:00:00+00:00, run_after=2026-03-12 02:00:00+00:00
[2026-03-12T02:57:33.243+0000] {processor.py:183} INFO - Processing /opt/airflow/dags/build_cases.py took 0.268 seconds
[2026-03-12T02:58:03.330+0000] {processor.py:161} INFO - Started process (PID=204) to work on /opt/airflow/dags/build_cases.py
[2026-03-12T02:58:03.331+0000] {processor.py:830} INFO - Processing file /opt/airflow/dags/build_cases.py for tasks to queue
[2026-03-12T02:58:03.334+0000] {logging_mixin.py:188} INFO - [2026-03-12T02:58:03.334+0000] {dagbag.py:545} INFO - Filling up the DagBag from /opt/airflow/dags/build_cases.py
[2026-03-12T02:58:03.369+0000] {processor.py:840} INFO - DAG(s) 'build_cases' retrieved from /opt/airflow/dags/build_cases.py
[2026-03-12T02:58:03.423+0000] {logging_mixin.py:188} INFO - [2026-03-12T02:58:03.422+0000] {dag.py:3089} INFO - Sync 1 DAGs
[2026-03-12T02:58:03.459+0000] {logging_mixin.py:188} INFO - [2026-03-12T02:58:03.458+0000] {dag.py:3947} INFO - Setting next_dagrun for build_cases to 2026-03-12 01:00:00+00:00, run_after=2026-03-12 02:00:00+00:00
[2026-03-12T02:58:03.490+0000] {processor.py:183} INFO - Processing /opt/airflow/dags/build_cases.py took 0.171 seconds
[2026-03-12T02:58:33.708+0000] {processor.py:161} INFO - Started process (PID=214) to work on /opt/airflow/dags/build_cases.py
[2026-03-12T02:58:33.710+0000] {processor.py:830} INFO - Processing file /opt/airflow/dags/build_cases.py for tasks to queue
[2026-03-12T02:58:33.714+0000] {logging_mixin.py:188} INFO - [2026-03-12T02:58:33.714+0000] {dagbag.py:545} INFO - Filling up the DagBag from /opt/airflow/dags/build_cases.py
[2026-03-12T02:58:33.763+0000] {processor.py:840} INFO - DAG(s) 'build_cases' retrieved from /opt/airflow/dags/build_cases.py
[2026-03-12T02:58:33.822+0000] {logging_mixin.py:188} INFO - [2026-03-12T02:58:33.822+0000] {dag.py:3089} INFO - Sync 1 DAGs
[2026-03-12T02:58:33.859+0000] {logging_mixin.py:188} INFO - [2026-03-12T02:58:33.859+0000] {dag.py:3947} INFO - Setting next_dagrun for build_cases to 2026-03-12 01:00:00+00:00, run_after=2026-03-12 02:00:00+00:00
[2026-03-12T02:58:33.884+0000] {processor.py:183} INFO - Processing /opt/airflow/dags/build_cases.py took 0.187 seconds
[2026-03-12T02:59:04.034+0000] {processor.py:161} INFO - Started process (PID=224) to work on /opt/airflow/dags/build_cases.py
[2026-03-12T02:59:04.036+0000] {processor.py:830} INFO - Processing file /opt/airflow/dags/build_cases.py for tasks to queue
[2026-03-12T02:59:04.040+0000] {logging_mixin.py:188} INFO - [2026-03-12T02:59:04.039+0000] {dagbag.py:545} INFO - Filling up the DagBag from /opt/airflow/dags/build_cases.py
[2026-03-12T02:59:04.090+0000] {processor.py:840} INFO - DAG(s) 'build_cases' retrieved from /opt/airflow/dags/build_cases.py
[2026-03-12T02:59:04.145+0000] {logging_mixin.py:188} INFO - [2026-03-12T02:59:04.144+0000] {dag.py:3089} INFO - Sync 1 DAGs
[2026-03-12T02:59:04.197+0000] {logging_mixin.py:188} INFO - [2026-03-12T02:59:04.197+0000] {dag.py:3947} INFO - Setting next_dagrun for build_cases to 2026-03-12 01:00:00+00:00, run_after=2026-03-12 02:00:00+00:00
[2026-03-12T02:59:04.229+0000] {processor.py:183} INFO - Processing /opt/airflow/dags/build_cases.py took 0.220 seconds
[2026-03-12T02:59:35.263+0000] {processor.py:161} INFO - Started process (PID=234) to work on /opt/airflow/dags/build_cases.py
[2026-03-12T02:59:35.267+0000] {processor.py:830} INFO - Processing file /opt/airflow/dags/build_cases.py for tasks to queue
[2026-03-12T02:59:35.271+0000] {logging_mixin.py:188} INFO - [2026-03-12T02:59:35.271+0000] {dagbag.py:545} INFO - Filling up the DagBag from /opt/airflow/dags/build_cases.py
[2026-03-12T02:59:35.369+0000] {processor.py:840} INFO - DAG(s) 'build_cases' retrieved from /opt/airflow/dags/build_cases.py
[2026-03-12T02:59:35.429+0000] {logging_mixin.py:188} INFO - [2026-03-12T02:59:35.429+0000] {dag.py:3089} INFO - Sync 1 DAGs
[2026-03-12T02:59:35.470+0000] {logging_mixin.py:188} INFO - [2026-03-12T02:59:35.470+0000] {dag.py:3947} INFO - Setting next_dagrun for build_cases to 2026-03-12 01:00:00+00:00, run_after=2026-03-12 02:00:00+00:00
[2026-03-12T02:59:35.501+0000] {processor.py:183} INFO - Processing /opt/airflow/dags/build_cases.py took 0.256 seconds
[2026-03-12T03:00:06.557+0000] {processor.py:161} INFO - Started process (PID=244) to work on /opt/airflow/dags/build_cases.py
[2026-03-12T03:00:06.559+0000] {processor.py:830} INFO - Processing file /opt/airflow/dags/build_cases.py for tasks to queue
[2026-03-12T03:00:06.564+0000] {logging_mixin.py:188} INFO - [2026-03-12T03:00:06.563+0000] {dagbag.py:545} INFO - Filling up the DagBag from /opt/airflow/dags/build_cases.py
[2026-03-12T03:00:06.625+0000] {processor.py:840} INFO - DAG(s) 'build_cases' retrieved from /opt/airflow/dags/build_cases.py
[2026-03-12T03:00:06.692+0000] {logging_mixin.py:188} INFO - [2026-03-12T03:00:06.692+0000] {dag.py:3089} INFO - Sync 1 DAGs
[2026-03-12T03:00:06.743+0000] {logging_mixin.py:188} INFO - [2026-03-12T03:00:06.743+0000] {dag.py:3947} INFO - Setting next_dagrun for build_cases to 2026-03-12 02:00:00+00:00, run_after=2026-03-12 03:00:00+00:00
[2026-03-12T03:00:06.778+0000] {processor.py:183} INFO - Processing /opt/airflow/dags/build_cases.py took 0.233 seconds
[2026-03-12T03:00:36.849+0000] {processor.py:161} INFO - Started process (PID=254) to work on /opt/airflow/dags/build_cases.py
[2026-03-12T03:00:36.851+0000] {processor.py:830} INFO - Processing file /opt/airflow/dags/build_cases.py for tasks to queue
[2026-03-12T03:00:36.854+0000] {logging_mixin.py:188} INFO - [2026-03-12T03:00:36.854+0000] {dagbag.py:545} INFO - Filling up the DagBag from /opt/airflow/dags/build_cases.py
[2026-03-12T03:00:36.903+0000] {processor.py:840} INFO - DAG(s) 'build_cases' retrieved from /opt/airflow/dags/build_cases.py
[2026-03-12T03:00:36.956+0000] {logging_mixin.py:188} INFO - [2026-03-12T03:00:36.956+0000] {dag.py:3089} INFO - Sync 1 DAGs
[2026-03-12T03:00:36.997+0000] {logging_mixin.py:188} INFO - [2026-03-12T03:00:36.996+0000] {dag.py:3947} INFO - Setting next_dagrun for build_cases to 2026-03-12 02:00:00+00:00, run_after=2026-03-12 03:00:00+00:00
[2026-03-12T03:00:37.037+0000] {processor.py:183} INFO - Processing /opt/airflow/dags/build_cases.py took 0.199 seconds
[2026-03-12T03:01:07.377+0000] {processor.py:161} INFO - Started process (PID=269) to work on /opt/airflow/dags/build_cases.py
[2026-03-12T03:01:07.379+0000] {processor.py:830} INFO - Processing file /opt/airflow/dags/build_cases.py for tasks to queue
[2026-03-12T03:01:07.383+0000] {logging_mixin.py:188} INFO - [2026-03-12T03:01:07.382+0000] {dagbag.py:545} INFO - Filling up the DagBag from /opt/airflow/dags/build_cases.py
[2026-03-12T03:01:07.428+0000] {processor.py:840} INFO - DAG(s) 'build_cases' retrieved from /opt/airflow/dags/build_cases.py
[2026-03-12T03:01:07.482+0000] {logging_mixin.py:188} INFO - [2026-03-12T03:01:07.482+0000] {dag.py:3089} INFO - Sync 1 DAGs
[2026-03-12T03:01:07.512+0000] {logging_mixin.py:188} INFO - [2026-03-12T03:01:07.512+0000] {dag.py:3947} INFO - Setting next_dagrun for build_cases to 2026-03-12 02:00:00+00:00, run_after=2026-03-12 03:00:00+00:00
[2026-03-12T03:01:07.542+0000] {processor.py:183} INFO - Processing /opt/airflow/dags/build_cases.py took 0.178 seconds
[2026-03-12T03:01:37.791+0000] {processor.py:161} INFO - Started process (PID=284) to work on /opt/airflow/dags/build_cases.py
[2026-03-12T03:01:37.792+0000] {processor.py:830} INFO - Processing file /opt/airflow/dags/build_cases.py for tasks to queue
[2026-03-12T03:01:37.795+0000] {logging_mixin.py:188} INFO - [2026-03-12T03:01:37.795+0000] {dagbag.py:545} INFO - Filling up the DagBag from /opt/airflow/dags/build_cases.py
[2026-03-12T03:01:37.842+0000] {processor.py:840} INFO - DAG(s) 'build_cases' retrieved from /opt/airflow/dags/build_cases.py
[2026-03-12T03:01:37.890+0000] {logging_mixin.py:188} INFO - [2026-03-12T03:01:37.890+0000] {dag.py:3089} INFO - Sync 1 DAGs
[2026-03-12T03:01:37.922+0000] {logging_mixin.py:188} INFO - [2026-03-12T03:01:37.922+0000] {dag.py:3947} INFO - Setting next_dagrun for build_cases to 2026-03-12 02:00:00+00:00, run_after=2026-03-12 03:00:00+00:00
[2026-03-12T03:01:37.957+0000] {processor.py:183} INFO - Processing /opt/airflow/dags/build_cases.py took 0.177 seconds
[2026-03-12T03:02:08.301+0000] {processor.py:161} INFO - Started process (PID=299) to work on /opt/airflow/dags/build_cases.py
[2026-03-12T03:02:08.303+0000] {processor.py:830} INFO - Processing file /opt/airflow/dags/build_cases.py for tasks to queue
[2026-03-12T03:02:08.307+0000] {logging_mixin.py:188} INFO - [2026-03-12T03:02:08.306+0000] {dagbag.py:545} INFO - Filling up the DagBag from /opt/airflow/dags/build_cases.py
[2026-03-12T03:02:08.347+0000] {processor.py:840} INFO - DAG(s) 'build_cases' retrieved from /opt/airflow/dags/build_cases.py
[2026-03-12T03:02:08.391+0000] {logging_mixin.py:188} INFO - [2026-03-12T03:02:08.391+0000] {dag.py:3089} INFO - Sync 1 DAGs
[2026-03-12T03:02:08.420+0000] {logging_mixin.py:188} INFO - [2026-03-12T03:02:08.420+0000] {dag.py:3947} INFO - Setting next_dagrun for build_cases to 2026-03-12 02:00:00+00:00, run_after=2026-03-12 03:00:00+00:00
[2026-03-12T03:02:08.449+0000] {processor.py:183} INFO - Processing /opt/airflow/dags/build_cases.py took 0.165 seconds
[2026-03-12T03:02:38.661+0000] {processor.py:161} INFO - Started process (PID=314) to work on /opt/airflow/dags/build_cases.py
[2026-03-12T03:02:38.663+0000] {processor.py:830} INFO - Processing file /opt/airflow/dags/build_cases.py for tasks to queue
[2026-03-12T03:02:38.666+0000] {logging_mixin.py:188} INFO - [2026-03-12T03:02:38.665+0000] {dagbag.py:545} INFO - Filling up the DagBag from /opt/airflow/dags/build_cases.py
[2026-03-12T03:02:38.703+0000] {processor.py:840} INFO - DAG(s) 'build_cases' retrieved from /opt/airflow/dags/build_cases.py
[2026-03-12T03:02:38.756+0000] {logging_mixin.py:188} INFO - [2026-03-12T03:02:38.756+0000] {dag.py:3089} INFO - Sync 1 DAGs
[2026-03-12T03:02:38.798+0000] {logging_mixin.py:188} INFO - [2026-03-12T03:02:38.798+0000] {dag.py:3947} INFO - Setting next_dagrun for build_cases to 2026-03-12 02:00:00+00:00, run_after=2026-03-12 03:00:00+00:00
[2026-03-12T03:02:38.834+0000] {processor.py:183} INFO - Processing /opt/airflow/dags/build_cases.py took 0.186 seconds
[2026-03-12T03:03:08.968+0000] {processor.py:161} INFO - Started process (PID=329) to work on /opt/airflow/dags/build_cases.py
[2026-03-12T03:03:08.970+0000] {processor.py:830} INFO - Processing file /opt/airflow/dags/build_cases.py for tasks to queue
[2026-03-12T03:03:08.973+0000] {logging_mixin.py:188} INFO - [2026-03-12T03:03:08.972+0000] {dagbag.py:545} INFO - Filling up the DagBag from /opt/airflow/dags/build_cases.py
[2026-03-12T03:03:09.019+0000] {processor.py:840} INFO - DAG(s) 'build_cases' retrieved from /opt/airflow/dags/build_cases.py
[2026-03-12T03:03:09.068+0000] {logging_mixin.py:188} INFO - [2026-03-12T03:03:09.068+0000] {dag.py:3089} INFO - Sync 1 DAGs
[2026-03-12T03:03:09.106+0000] {logging_mixin.py:188} INFO - [2026-03-12T03:03:09.106+0000] {dag.py:3947} INFO - Setting next_dagrun for build_cases to 2026-03-12 02:00:00+00:00, run_after=2026-03-12 03:00:00+00:00
[2026-03-12T03:03:09.137+0000] {processor.py:183} INFO - Processing /opt/airflow/dags/build_cases.py took 0.180 seconds
[2026-03-12T03:03:39.323+0000] {processor.py:161} INFO - Started process (PID=344) to work on /opt/airflow/dags/build_cases.py
[2026-03-12T03:03:39.324+0000] {processor.py:830} INFO - Processing file /opt/airflow/dags/build_cases.py for tasks to queue
[2026-03-12T03:03:39.329+0000] {logging_mixin.py:188} INFO - [2026-03-12T03:03:39.328+0000] {dagbag.py:545} INFO - Filling up the DagBag from /opt/airflow/dags/build_cases.py
[2026-03-12T03:03:39.373+0000] {processor.py:840} INFO - DAG(s) 'build_cases' retrieved from /opt/airflow/dags/build_cases.py
[2026-03-12T03:03:39.424+0000] {logging_mixin.py:188} INFO - [2026-03-12T03:03:39.423+0000] {dag.py:3089} INFO - Sync 1 DAGs
[2026-03-12T03:03:39.453+0000] {logging_mixin.py:188} INFO - [2026-03-12T03:03:39.453+0000] {dag.py:3947} INFO - Setting next_dagrun for build_cases to 2026-03-12 02:00:00+00:00, run_after=2026-03-12 03:00:00+00:00
[2026-03-12T03:03:39.487+0000] {processor.py:183} INFO - Processing /opt/airflow/dags/build_cases.py took 0.174 seconds
[2026-03-12T03:04:09.655+0000] {processor.py:161} INFO - Started process (PID=359) to work on /opt/airflow/dags/build_cases.py
[2026-03-12T03:04:09.658+0000] {processor.py:830} INFO - Processing file /opt/airflow/dags/build_cases.py for tasks to queue
[2026-03-12T03:04:09.661+0000] {logging_mixin.py:188} INFO - [2026-03-12T03:04:09.660+0000] {dagbag.py:545} INFO - Filling up the DagBag from /opt/airflow/dags/build_cases.py
[2026-03-12T03:04:09.713+0000] {processor.py:840} INFO - DAG(s) 'build_cases' retrieved from /opt/airflow/dags/build_cases.py
[2026-03-12T03:04:09.771+0000] {logging_mixin.py:188} INFO - [2026-03-12T03:04:09.770+0000] {dag.py:3089} INFO - Sync 1 DAGs
[2026-03-12T03:04:09.806+0000] {logging_mixin.py:188} INFO - [2026-03-12T03:04:09.805+0000] {dag.py:3947} INFO - Setting next_dagrun for build_cases to 2026-03-12 02:00:00+00:00, run_after=2026-03-12 03:00:00+00:00
[2026-03-12T03:04:09.840+0000] {processor.py:183} INFO - Processing /opt/airflow/dags/build_cases.py took 0.198 seconds
[2026-03-12T03:04:40.034+0000] {processor.py:161} INFO - Started process (PID=374) to work on /opt/airflow/dags/build_cases.py
[2026-03-12T03:04:40.035+0000] {processor.py:830} INFO - Processing file /opt/airflow/dags/build_cases.py for tasks to queue
[2026-03-12T03:04:40.039+0000] {logging_mixin.py:188} INFO - [2026-03-12T03:04:40.039+0000] {dagbag.py:545} INFO - Filling up the DagBag from /opt/airflow/dags/build_cases.py
[2026-03-12T03:04:40.078+0000] {processor.py:840} INFO - DAG(s) 'build_cases' retrieved from /opt/airflow/dags/build_cases.py
[2026-03-12T03:04:40.141+0000] {logging_mixin.py:188} INFO - [2026-03-12T03:04:40.140+0000] {dag.py:3089} INFO - Sync 1 DAGs
[2026-03-12T03:04:40.182+0000] {logging_mixin.py:188} INFO - [2026-03-12T03:04:40.182+0000] {dag.py:3947} INFO - Setting next_dagrun for build_cases to 2026-03-12 02:00:00+00:00, run_after=2026-03-12 03:00:00+00:00
[2026-03-12T03:04:40.219+0000] {processor.py:183} INFO - Processing /opt/airflow/dags/build_cases.py took 0.196 seconds
[2026-03-12T03:05:10.473+0000] {processor.py:161} INFO - Started process (PID=389) to work on /opt/airflow/dags/build_cases.py
[2026-03-12T03:05:10.475+0000] {processor.py:830} INFO - Processing file /opt/airflow/dags/build_cases.py for tasks to queue
[2026-03-12T03:05:10.480+0000] {logging_mixin.py:188} INFO - [2026-03-12T03:05:10.479+0000] {dagbag.py:545} INFO - Filling up the DagBag from /opt/airflow/dags/build_cases.py
[2026-03-12T03:05:10.541+0000] {processor.py:840} INFO - DAG(s) 'build_cases' retrieved from /opt/airflow/dags/build_cases.py
[2026-03-12T03:05:10.589+0000] {logging_mixin.py:188} INFO - [2026-03-12T03:05:10.589+0000] {dag.py:3089} INFO - Sync 1 DAGs
[2026-03-12T03:05:10.626+0000] {logging_mixin.py:188} INFO - [2026-03-12T03:05:10.626+0000] {dag.py:3947} INFO - Setting next_dagrun for build_cases to 2026-03-12 02:00:00+00:00, run_after=2026-03-12 03:00:00+00:00
[2026-03-12T03:05:10.657+0000] {processor.py:183} INFO - Processing /opt/airflow/dags/build_cases.py took 0.194 seconds
[2026-03-12T03:05:40.840+0000] {processor.py:161} INFO - Started process (PID=404) to work on /opt/airflow/dags/build_cases.py
[2026-03-12T03:05:40.841+0000] {processor.py:830} INFO - Processing file /opt/airflow/dags/build_cases.py for tasks to queue
[2026-03-12T03:05:40.847+0000] {logging_mixin.py:188} INFO - [2026-03-12T03:05:40.847+0000] {dagbag.py:545} INFO - Filling up the DagBag from /opt/airflow/dags/build_cases.py
[2026-03-12T03:05:40.896+0000] {processor.py:840} INFO - DAG(s) 'build_cases' retrieved from /opt/airflow/dags/build_cases.py
[2026-03-12T03:05:40.962+0000] {logging_mixin.py:188} INFO - [2026-03-12T03:05:40.962+0000] {dag.py:3089} INFO - Sync 1 DAGs
[2026-03-12T03:05:41.030+0000] {logging_mixin.py:188} INFO - [2026-03-12T03:05:41.029+0000] {dag.py:3947} INFO - Setting next_dagrun for build_cases to 2026-03-12 02:00:00+00:00, run_after=2026-03-12 03:00:00+00:00
[2026-03-12T03:05:41.070+0000] {processor.py:183} INFO - Processing /opt/airflow/dags/build_cases.py took 0.242 seconds
[2026-03-12T03:06:11.333+0000] {processor.py:161} INFO - Started process (PID=419) to work on /opt/airflow/dags/build_cases.py
[2026-03-12T03:06:11.335+0000] {processor.py:830} INFO - Processing file /opt/airflow/dags/build_cases.py for tasks to queue
[2026-03-12T03:06:11.339+0000] {logging_mixin.py:188} INFO - [2026-03-12T03:06:11.338+0000] {dagbag.py:545} INFO - Filling up the DagBag from /opt/airflow/dags/build_cases.py
[2026-03-12T03:06:11.382+0000] {processor.py:840} INFO - DAG(s) 'build_cases' retrieved from /opt/airflow/dags/build_cases.py
[2026-03-12T03:06:11.431+0000] {logging_mixin.py:188} INFO - [2026-03-12T03:06:11.430+0000] {dag.py:3089} INFO - Sync 1 DAGs
[2026-03-12T03:06:11.467+0000] {logging_mixin.py:188} INFO - [2026-03-12T03:06:11.467+0000] {dag.py:3947} INFO - Setting next_dagrun for build_cases to 2026-03-12 02:00:00+00:00, run_after=2026-03-12 03:00:00+00:00
[2026-03-12T03:06:11.497+0000] {processor.py:183} INFO - Processing /opt/airflow/dags/build_cases.py took 0.176 seconds
