[2026-03-12T02:56:01.046+0000] {processor.py:161} INFO - Started process (PID=167) to work on /opt/airflow/dags/build_event_log.py
[2026-03-12T02:56:01.048+0000] {processor.py:830} INFO - Processing file /opt/airflow/dags/build_event_log.py for tasks to queue
[2026-03-12T02:56:01.052+0000] {logging_mixin.py:188} INFO - [2026-03-12T02:56:01.052+0000] {dagbag.py:545} INFO - Filling up the DagBag from /opt/airflow/dags/build_event_log.py
[2026-03-12T02:56:01.124+0000] {processor.py:840} INFO - DAG(s) 'build_event_log' retrieved from /opt/airflow/dags/build_event_log.py
[2026-03-12T02:56:01.587+0000] {logging_mixin.py:188} INFO - [2026-03-12T02:56:01.586+0000] {override.py:1858} INFO - Created Permission View: can edit on DAG:build_event_log
[2026-03-12T02:56:01.609+0000] {logging_mixin.py:188} INFO - [2026-03-12T02:56:01.608+0000] {override.py:1858} INFO - Created Permission View: can read on DAG:build_event_log
[2026-03-12T02:56:01.623+0000] {logging_mixin.py:188} INFO - [2026-03-12T02:56:01.622+0000] {override.py:1858} INFO - Created Permission View: can delete on DAG:build_event_log
[2026-03-12T02:56:01.625+0000] {logging_mixin.py:188} INFO - [2026-03-12T02:56:01.624+0000] {dag.py:3089} INFO - Sync 1 DAGs
[2026-03-12T02:56:01.656+0000] {logging_mixin.py:188} INFO - [2026-03-12T02:56:01.655+0000] {dag.py:3111} INFO - Creating ORM DAG for build_event_log
[2026-03-12T02:56:01.686+0000] {logging_mixin.py:188} INFO - [2026-03-12T02:56:01.686+0000] {dag.py:3947} INFO - Setting next_dagrun for build_event_log to 2026-03-12 02:40:00+00:00, run_after=2026-03-12 02:50:00+00:00
[2026-03-12T02:56:01.734+0000] {processor.py:183} INFO - Processing /opt/airflow/dags/build_event_log.py took 0.698 seconds
[2026-03-12T02:56:31.948+0000] {processor.py:161} INFO - Started process (PID=177) to work on /opt/airflow/dags/build_event_log.py
[2026-03-12T02:56:31.950+0000] {processor.py:830} INFO - Processing file /opt/airflow/dags/build_event_log.py for tasks to queue
[2026-03-12T02:56:31.954+0000] {logging_mixin.py:188} INFO - [2026-03-12T02:56:31.953+0000] {dagbag.py:545} INFO - Filling up the DagBag from /opt/airflow/dags/build_event_log.py
[2026-03-12T02:56:32.001+0000] {processor.py:840} INFO - DAG(s) 'build_event_log' retrieved from /opt/airflow/dags/build_event_log.py
[2026-03-12T02:56:32.062+0000] {logging_mixin.py:188} INFO - [2026-03-12T02:56:32.062+0000] {dag.py:3089} INFO - Sync 1 DAGs
[2026-03-12T02:56:32.109+0000] {logging_mixin.py:188} INFO - [2026-03-12T02:56:32.109+0000] {dag.py:3947} INFO - Setting next_dagrun for build_event_log to 2026-03-12 02:40:00+00:00, run_after=2026-03-12 02:50:00+00:00
[2026-03-12T02:56:32.143+0000] {processor.py:183} INFO - Processing /opt/airflow/dags/build_event_log.py took 0.214 seconds
[2026-03-12T02:57:02.316+0000] {processor.py:161} INFO - Started process (PID=187) to work on /opt/airflow/dags/build_event_log.py
[2026-03-12T02:57:02.318+0000] {processor.py:830} INFO - Processing file /opt/airflow/dags/build_event_log.py for tasks to queue
[2026-03-12T02:57:02.320+0000] {logging_mixin.py:188} INFO - [2026-03-12T02:57:02.320+0000] {dagbag.py:545} INFO - Filling up the DagBag from /opt/airflow/dags/build_event_log.py
[2026-03-12T02:57:02.362+0000] {processor.py:840} INFO - DAG(s) 'build_event_log' retrieved from /opt/airflow/dags/build_event_log.py
[2026-03-12T02:57:02.421+0000] {logging_mixin.py:188} INFO - [2026-03-12T02:57:02.420+0000] {dag.py:3089} INFO - Sync 1 DAGs
[2026-03-12T02:57:02.459+0000] {logging_mixin.py:188} INFO - [2026-03-12T02:57:02.459+0000] {dag.py:3947} INFO - Setting next_dagrun for build_event_log to 2026-03-12 02:40:00+00:00, run_after=2026-03-12 02:50:00+00:00
[2026-03-12T02:57:02.495+0000] {processor.py:183} INFO - Processing /opt/airflow/dags/build_event_log.py took 0.187 seconds
[2026-03-12T02:57:33.018+0000] {processor.py:161} INFO - Started process (PID=197) to work on /opt/airflow/dags/build_event_log.py
[2026-03-12T02:57:33.030+0000] {processor.py:830} INFO - Processing file /opt/airflow/dags/build_event_log.py for tasks to queue
[2026-03-12T02:57:33.040+0000] {logging_mixin.py:188} INFO - [2026-03-12T02:57:33.040+0000] {dagbag.py:545} INFO - Filling up the DagBag from /opt/airflow/dags/build_event_log.py
[2026-03-12T02:57:33.121+0000] {processor.py:840} INFO - DAG(s) 'build_event_log' retrieved from /opt/airflow/dags/build_event_log.py
[2026-03-12T02:57:33.172+0000] {logging_mixin.py:188} INFO - [2026-03-12T02:57:33.171+0000] {dag.py:3089} INFO - Sync 1 DAGs
[2026-03-12T02:57:33.206+0000] {logging_mixin.py:188} INFO - [2026-03-12T02:57:33.205+0000] {dag.py:3947} INFO - Setting next_dagrun for build_event_log to 2026-03-12 02:40:00+00:00, run_after=2026-03-12 02:50:00+00:00
[2026-03-12T02:57:33.241+0000] {processor.py:183} INFO - Processing /opt/airflow/dags/build_event_log.py took 0.251 seconds
[2026-03-12T02:58:03.343+0000] {processor.py:161} INFO - Started process (PID=207) to work on /opt/airflow/dags/build_event_log.py
[2026-03-12T02:58:03.345+0000] {processor.py:830} INFO - Processing file /opt/airflow/dags/build_event_log.py for tasks to queue
[2026-03-12T02:58:03.347+0000] {logging_mixin.py:188} INFO - [2026-03-12T02:58:03.347+0000] {dagbag.py:545} INFO - Filling up the DagBag from /opt/airflow/dags/build_event_log.py
[2026-03-12T02:58:03.383+0000] {processor.py:840} INFO - DAG(s) 'build_event_log' retrieved from /opt/airflow/dags/build_event_log.py
[2026-03-12T02:58:03.437+0000] {logging_mixin.py:188} INFO - [2026-03-12T02:58:03.437+0000] {dag.py:3089} INFO - Sync 1 DAGs
[2026-03-12T02:58:03.470+0000] {logging_mixin.py:188} INFO - [2026-03-12T02:58:03.470+0000] {dag.py:3947} INFO - Setting next_dagrun for build_event_log to 2026-03-12 02:40:00+00:00, run_after=2026-03-12 02:50:00+00:00
[2026-03-12T02:58:03.504+0000] {processor.py:183} INFO - Processing /opt/airflow/dags/build_event_log.py took 0.169 seconds
[2026-03-12T02:58:33.724+0000] {processor.py:161} INFO - Started process (PID=217) to work on /opt/airflow/dags/build_event_log.py
[2026-03-12T02:58:33.726+0000] {processor.py:830} INFO - Processing file /opt/airflow/dags/build_event_log.py for tasks to queue
[2026-03-12T02:58:33.730+0000] {logging_mixin.py:188} INFO - [2026-03-12T02:58:33.729+0000] {dagbag.py:545} INFO - Filling up the DagBag from /opt/airflow/dags/build_event_log.py
[2026-03-12T02:58:33.779+0000] {processor.py:840} INFO - DAG(s) 'build_event_log' retrieved from /opt/airflow/dags/build_event_log.py
[2026-03-12T02:58:33.833+0000] {logging_mixin.py:188} INFO - [2026-03-12T02:58:33.833+0000] {dag.py:3089} INFO - Sync 1 DAGs
[2026-03-12T02:58:33.871+0000] {logging_mixin.py:188} INFO - [2026-03-12T02:58:33.871+0000] {dag.py:3947} INFO - Setting next_dagrun for build_event_log to 2026-03-12 02:40:00+00:00, run_after=2026-03-12 02:50:00+00:00
[2026-03-12T02:58:33.899+0000] {processor.py:183} INFO - Processing /opt/airflow/dags/build_event_log.py took 0.188 seconds
[2026-03-12T02:59:04.051+0000] {processor.py:161} INFO - Started process (PID=227) to work on /opt/airflow/dags/build_event_log.py
[2026-03-12T02:59:04.053+0000] {processor.py:830} INFO - Processing file /opt/airflow/dags/build_event_log.py for tasks to queue
[2026-03-12T02:59:04.056+0000] {logging_mixin.py:188} INFO - [2026-03-12T02:59:04.055+0000] {dagbag.py:545} INFO - Filling up the DagBag from /opt/airflow/dags/build_event_log.py
[2026-03-12T02:59:04.098+0000] {processor.py:840} INFO - DAG(s) 'build_event_log' retrieved from /opt/airflow/dags/build_event_log.py
[2026-03-12T02:59:04.153+0000] {logging_mixin.py:188} INFO - [2026-03-12T02:59:04.152+0000] {dag.py:3089} INFO - Sync 1 DAGs
[2026-03-12T02:59:04.204+0000] {logging_mixin.py:188} INFO - [2026-03-12T02:59:04.204+0000] {dag.py:3947} INFO - Setting next_dagrun for build_event_log to 2026-03-12 02:40:00+00:00, run_after=2026-03-12 02:50:00+00:00
[2026-03-12T02:59:04.231+0000] {processor.py:183} INFO - Processing /opt/airflow/dags/build_event_log.py took 0.194 seconds
[2026-03-12T02:59:35.283+0000] {processor.py:161} INFO - Started process (PID=237) to work on /opt/airflow/dags/build_event_log.py
[2026-03-12T02:59:35.286+0000] {processor.py:830} INFO - Processing file /opt/airflow/dags/build_event_log.py for tasks to queue
[2026-03-12T02:59:35.291+0000] {logging_mixin.py:188} INFO - [2026-03-12T02:59:35.290+0000] {dagbag.py:545} INFO - Filling up the DagBag from /opt/airflow/dags/build_event_log.py
[2026-03-12T02:59:35.381+0000] {processor.py:840} INFO - DAG(s) 'build_event_log' retrieved from /opt/airflow/dags/build_event_log.py
[2026-03-12T02:59:35.441+0000] {logging_mixin.py:188} INFO - [2026-03-12T02:59:35.441+0000] {dag.py:3089} INFO - Sync 1 DAGs
[2026-03-12T02:59:35.480+0000] {logging_mixin.py:188} INFO - [2026-03-12T02:59:35.479+0000] {dag.py:3947} INFO - Setting next_dagrun for build_event_log to 2026-03-12 02:40:00+00:00, run_after=2026-03-12 02:50:00+00:00
[2026-03-12T02:59:35.517+0000] {processor.py:183} INFO - Processing /opt/airflow/dags/build_event_log.py took 0.253 seconds
[2026-03-12T03:00:06.586+0000] {processor.py:161} INFO - Started process (PID=247) to work on /opt/airflow/dags/build_event_log.py
[2026-03-12T03:00:06.589+0000] {processor.py:830} INFO - Processing file /opt/airflow/dags/build_event_log.py for tasks to queue
[2026-03-12T03:00:06.594+0000] {logging_mixin.py:188} INFO - [2026-03-12T03:00:06.593+0000] {dagbag.py:545} INFO - Filling up the DagBag from /opt/airflow/dags/build_event_log.py
[2026-03-12T03:00:06.645+0000] {processor.py:840} INFO - DAG(s) 'build_event_log' retrieved from /opt/airflow/dags/build_event_log.py
[2026-03-12T03:00:06.711+0000] {logging_mixin.py:188} INFO - [2026-03-12T03:00:06.711+0000] {dag.py:3089} INFO - Sync 1 DAGs
[2026-03-12T03:00:06.758+0000] {logging_mixin.py:188} INFO - [2026-03-12T03:00:06.758+0000] {dag.py:3947} INFO - Setting next_dagrun for build_event_log to 2026-03-12 02:50:00+00:00, run_after=2026-03-12 03:00:00+00:00
[2026-03-12T03:00:06.789+0000] {processor.py:183} INFO - Processing /opt/airflow/dags/build_event_log.py took 0.222 seconds
[2026-03-12T03:00:36.878+0000] {processor.py:161} INFO - Started process (PID=257) to work on /opt/airflow/dags/build_event_log.py
[2026-03-12T03:00:36.880+0000] {processor.py:830} INFO - Processing file /opt/airflow/dags/build_event_log.py for tasks to queue
[2026-03-12T03:00:36.884+0000] {logging_mixin.py:188} INFO - [2026-03-12T03:00:36.883+0000] {dagbag.py:545} INFO - Filling up the DagBag from /opt/airflow/dags/build_event_log.py
[2026-03-12T03:00:36.925+0000] {processor.py:840} INFO - DAG(s) 'build_event_log' retrieved from /opt/airflow/dags/build_event_log.py
[2026-03-12T03:00:36.982+0000] {logging_mixin.py:188} INFO - [2026-03-12T03:00:36.982+0000] {dag.py:3089} INFO - Sync 1 DAGs
[2026-03-12T03:00:37.027+0000] {logging_mixin.py:188} INFO - [2026-03-12T03:00:37.027+0000] {dag.py:3947} INFO - Setting next_dagrun for build_event_log to 2026-03-12 02:50:00+00:00, run_after=2026-03-12 03:00:00+00:00
[2026-03-12T03:00:37.060+0000] {processor.py:183} INFO - Processing /opt/airflow/dags/build_event_log.py took 0.196 seconds
[2026-03-12T03:01:07.394+0000] {processor.py:161} INFO - Started process (PID=272) to work on /opt/airflow/dags/build_event_log.py
[2026-03-12T03:01:07.396+0000] {processor.py:830} INFO - Processing file /opt/airflow/dags/build_event_log.py for tasks to queue
[2026-03-12T03:01:07.399+0000] {logging_mixin.py:188} INFO - [2026-03-12T03:01:07.399+0000] {dagbag.py:545} INFO - Filling up the DagBag from /opt/airflow/dags/build_event_log.py
[2026-03-12T03:01:07.449+0000] {processor.py:840} INFO - DAG(s) 'build_event_log' retrieved from /opt/airflow/dags/build_event_log.py
[2026-03-12T03:01:07.492+0000] {logging_mixin.py:188} INFO - [2026-03-12T03:01:07.492+0000] {dag.py:3089} INFO - Sync 1 DAGs
[2026-03-12T03:01:07.525+0000] {logging_mixin.py:188} INFO - [2026-03-12T03:01:07.525+0000] {dag.py:3947} INFO - Setting next_dagrun for build_event_log to 2026-03-12 02:50:00+00:00, run_after=2026-03-12 03:00:00+00:00
[2026-03-12T03:01:07.554+0000] {processor.py:183} INFO - Processing /opt/airflow/dags/build_event_log.py took 0.171 seconds
[2026-03-12T03:01:37.807+0000] {processor.py:161} INFO - Started process (PID=287) to work on /opt/airflow/dags/build_event_log.py
[2026-03-12T03:01:37.809+0000] {processor.py:830} INFO - Processing file /opt/airflow/dags/build_event_log.py for tasks to queue
[2026-03-12T03:01:37.813+0000] {logging_mixin.py:188} INFO - [2026-03-12T03:01:37.812+0000] {dagbag.py:545} INFO - Filling up the DagBag from /opt/airflow/dags/build_event_log.py
[2026-03-12T03:01:37.853+0000] {processor.py:840} INFO - DAG(s) 'build_event_log' retrieved from /opt/airflow/dags/build_event_log.py
[2026-03-12T03:01:37.901+0000] {logging_mixin.py:188} INFO - [2026-03-12T03:01:37.900+0000] {dag.py:3089} INFO - Sync 1 DAGs
[2026-03-12T03:01:37.937+0000] {logging_mixin.py:188} INFO - [2026-03-12T03:01:37.936+0000] {dag.py:3947} INFO - Setting next_dagrun for build_event_log to 2026-03-12 02:50:00+00:00, run_after=2026-03-12 03:00:00+00:00
[2026-03-12T03:01:37.975+0000] {processor.py:183} INFO - Processing /opt/airflow/dags/build_event_log.py took 0.178 seconds
[2026-03-12T03:02:08.316+0000] {processor.py:161} INFO - Started process (PID=302) to work on /opt/airflow/dags/build_event_log.py
[2026-03-12T03:02:08.318+0000] {processor.py:830} INFO - Processing file /opt/airflow/dags/build_event_log.py for tasks to queue
[2026-03-12T03:02:08.321+0000] {logging_mixin.py:188} INFO - [2026-03-12T03:02:08.320+0000] {dagbag.py:545} INFO - Filling up the DagBag from /opt/airflow/dags/build_event_log.py
[2026-03-12T03:02:08.359+0000] {processor.py:840} INFO - DAG(s) 'build_event_log' retrieved from /opt/airflow/dags/build_event_log.py
[2026-03-12T03:02:08.402+0000] {logging_mixin.py:188} INFO - [2026-03-12T03:02:08.402+0000] {dag.py:3089} INFO - Sync 1 DAGs
[2026-03-12T03:02:08.432+0000] {logging_mixin.py:188} INFO - [2026-03-12T03:02:08.432+0000] {dag.py:3947} INFO - Setting next_dagrun for build_event_log to 2026-03-12 02:50:00+00:00, run_after=2026-03-12 03:00:00+00:00
[2026-03-12T03:02:08.460+0000] {processor.py:183} INFO - Processing /opt/airflow/dags/build_event_log.py took 0.154 seconds
[2026-03-12T03:02:38.675+0000] {processor.py:161} INFO - Started process (PID=317) to work on /opt/airflow/dags/build_event_log.py
[2026-03-12T03:02:38.677+0000] {processor.py:830} INFO - Processing file /opt/airflow/dags/build_event_log.py for tasks to queue
[2026-03-12T03:02:38.680+0000] {logging_mixin.py:188} INFO - [2026-03-12T03:02:38.679+0000] {dagbag.py:545} INFO - Filling up the DagBag from /opt/airflow/dags/build_event_log.py
[2026-03-12T03:02:38.716+0000] {processor.py:840} INFO - DAG(s) 'build_event_log' retrieved from /opt/airflow/dags/build_event_log.py
[2026-03-12T03:02:38.768+0000] {logging_mixin.py:188} INFO - [2026-03-12T03:02:38.768+0000] {dag.py:3089} INFO - Sync 1 DAGs
[2026-03-12T03:02:38.805+0000] {logging_mixin.py:188} INFO - [2026-03-12T03:02:38.805+0000] {dag.py:3947} INFO - Setting next_dagrun for build_event_log to 2026-03-12 02:50:00+00:00, run_after=2026-03-12 03:00:00+00:00
[2026-03-12T03:02:38.840+0000] {processor.py:183} INFO - Processing /opt/airflow/dags/build_event_log.py took 0.174 seconds
[2026-03-12T03:03:08.981+0000] {processor.py:161} INFO - Started process (PID=332) to work on /opt/airflow/dags/build_event_log.py
[2026-03-12T03:03:08.984+0000] {processor.py:830} INFO - Processing file /opt/airflow/dags/build_event_log.py for tasks to queue
[2026-03-12T03:03:08.987+0000] {logging_mixin.py:188} INFO - [2026-03-12T03:03:08.986+0000] {dagbag.py:545} INFO - Filling up the DagBag from /opt/airflow/dags/build_event_log.py
[2026-03-12T03:03:09.030+0000] {processor.py:840} INFO - DAG(s) 'build_event_log' retrieved from /opt/airflow/dags/build_event_log.py
[2026-03-12T03:03:09.079+0000] {logging_mixin.py:188} INFO - [2026-03-12T03:03:09.079+0000] {dag.py:3089} INFO - Sync 1 DAGs
[2026-03-12T03:03:09.114+0000] {logging_mixin.py:188} INFO - [2026-03-12T03:03:09.114+0000] {dag.py:3947} INFO - Setting next_dagrun for build_event_log to 2026-03-12 02:50:00+00:00, run_after=2026-03-12 03:00:00+00:00
[2026-03-12T03:03:09.145+0000] {processor.py:183} INFO - Processing /opt/airflow/dags/build_event_log.py took 0.176 seconds
[2026-03-12T03:03:39.334+0000] {processor.py:161} INFO - Started process (PID=347) to work on /opt/airflow/dags/build_event_log.py
[2026-03-12T03:03:39.336+0000] {processor.py:830} INFO - Processing file /opt/airflow/dags/build_event_log.py for tasks to queue
[2026-03-12T03:03:39.339+0000] {logging_mixin.py:188} INFO - [2026-03-12T03:03:39.339+0000] {dagbag.py:545} INFO - Filling up the DagBag from /opt/airflow/dags/build_event_log.py
[2026-03-12T03:03:39.385+0000] {processor.py:840} INFO - DAG(s) 'build_event_log' retrieved from /opt/airflow/dags/build_event_log.py
[2026-03-12T03:03:39.432+0000] {logging_mixin.py:188} INFO - [2026-03-12T03:03:39.431+0000] {dag.py:3089} INFO - Sync 1 DAGs
[2026-03-12T03:03:39.462+0000] {logging_mixin.py:188} INFO - [2026-03-12T03:03:39.462+0000] {dag.py:3947} INFO - Setting next_dagrun for build_event_log to 2026-03-12 02:50:00+00:00, run_after=2026-03-12 03:00:00+00:00
[2026-03-12T03:03:39.492+0000] {processor.py:183} INFO - Processing /opt/airflow/dags/build_event_log.py took 0.169 seconds
