[2026-03-12T02:40:59.319+0000] {manager.py:470} INFO - Processing files using up to 2 processes at a time 
[2026-03-12T02:40:59.323+0000] {manager.py:471} INFO - Process each file at most once every 30 seconds
[2026-03-12T02:40:59.327+0000] {manager.py:472} INFO - Checking for new files in /opt/airflow/dags every 300 seconds
[2026-03-12T02:40:59.334+0000] {manager.py:737} INFO - Searching for files in /opt/airflow/dags
[2026-03-12T02:40:59.343+0000] {manager.py:740} INFO - There are 0 files in /opt/airflow/dags
[2026-03-12T02:45:59.468+0000] {manager.py:737} INFO - Searching for files in /opt/airflow/dags
[2026-03-12T02:45:59.484+0000] {manager.py:740} INFO - There are 0 files in /opt/airflow/dags
[2026-03-12T02:51:00.022+0000] {manager.py:737} INFO - Searching for files in /opt/airflow/dags
[2026-03-12T02:51:00.061+0000] {manager.py:740} INFO - There are 0 files in /opt/airflow/dags
[2026-03-12T02:56:00.718+0000] {manager.py:737} INFO - Searching for files in /opt/airflow/dags
[2026-03-12T02:56:00.846+0000] {manager.py:740} INFO - There are 2 files in /opt/airflow/dags
[2026-03-12T02:56:26.737+0000] {manager.py:878} INFO - 
================================================================================
DAG File Processing Stats

File Path                             PID    Runtime      # DAGs    # Errors  Last Runtime    Last Run
------------------------------------  -----  ---------  --------  ----------  --------------  -------------------
/opt/airflow/dags/build_cases.py                               1           0  0.77s           2026-03-12T02:56:01
/opt/airflow/dags/build_event_log.py                           1           0  0.75s           2026-03-12T02:56:01
================================================================================
[2026-03-12T02:56:56.137+0000] {manager.py:878} INFO - 
================================================================================
DAG File Processing Stats

File Path                             PID    Runtime      # DAGs    # Errors  Last Runtime    Last Run
------------------------------------  -----  ---------  --------  ----------  --------------  -------------------
/opt/airflow/dags/build_event_log.py                           1           0  0.27s           2026-03-12T02:56:32
/opt/airflow/dags/build_cases.py                               1           0  0.26s           2026-03-12T02:56:32
================================================================================
[2026-03-12T02:57:25.272+0000] {manager.py:878} INFO - 
================================================================================
DAG File Processing Stats

File Path                             PID    Runtime      # DAGs    # Errors  Last Runtime    Last Run
------------------------------------  -----  ---------  --------  ----------  --------------  -------------------
/opt/airflow/dags/build_cases.py                               1           0  0.25s           2026-03-12T02:57:02
/opt/airflow/dags/build_event_log.py                           1           0  0.23s           2026-03-12T02:57:02
================================================================================
[2026-03-12T02:57:54.498+0000] {manager.py:878} INFO - 
================================================================================
DAG File Processing Stats

File Path                             PID    Runtime      # DAGs    # Errors  Last Runtime    Last Run
------------------------------------  -----  ---------  --------  ----------  --------------  -------------------
/opt/airflow/dags/build_cases.py                               1           0  0.32s           2026-03-12T02:57:33
/opt/airflow/dags/build_event_log.py                           1           0  0.29s           2026-03-12T02:57:33
================================================================================
[2026-03-12T02:58:23.912+0000] {manager.py:878} INFO - 
================================================================================
DAG File Processing Stats

File Path                             PID    Runtime      # DAGs    # Errors  Last Runtime    Last Run
------------------------------------  -----  ---------  --------  ----------  --------------  -------------------
/opt/airflow/dags/build_cases.py                               1           0  0.22s           2026-03-12T02:58:03
/opt/airflow/dags/build_event_log.py                           1           0  0.21s           2026-03-12T02:58:03
================================================================================
[2026-03-12T02:58:53.192+0000] {manager.py:878} INFO - 
================================================================================
DAG File Processing Stats

File Path                             PID    Runtime      # DAGs    # Errors  Last Runtime    Last Run
------------------------------------  -----  ---------  --------  ----------  --------------  -------------------
/opt/airflow/dags/build_cases.py                               1           0  0.23s           2026-03-12T02:58:33
/opt/airflow/dags/build_event_log.py                           1           0  0.23s           2026-03-12T02:58:33
================================================================================
[2026-03-12T02:59:22.511+0000] {manager.py:878} INFO - 
================================================================================
DAG File Processing Stats

File Path                             PID    Runtime      # DAGs    # Errors  Last Runtime    Last Run
------------------------------------  -----  ---------  --------  ----------  --------------  -------------------
/opt/airflow/dags/build_cases.py                               1           0  0.27s           2026-03-12T02:59:04
/opt/airflow/dags/build_event_log.py                           1           0  0.25s           2026-03-12T02:59:04
================================================================================
[2026-03-12T02:59:51.716+0000] {manager.py:878} INFO - 
================================================================================
DAG File Processing Stats

File Path                             PID    Runtime      # DAGs    # Errors  Last Runtime    Last Run
------------------------------------  -----  ---------  --------  ----------  --------------  -------------------
/opt/airflow/dags/build_cases.py                               1           0  0.31s           2026-03-12T02:59:35
/opt/airflow/dags/build_event_log.py                           1           0  0.30s           2026-03-12T02:59:35
================================================================================
[2026-03-12T03:00:21.017+0000] {manager.py:878} INFO - 
================================================================================
DAG File Processing Stats

File Path                             PID    Runtime      # DAGs    # Errors  Last Runtime    Last Run
------------------------------------  -----  ---------  --------  ----------  --------------  -------------------
/opt/airflow/dags/build_cases.py                               1           0  0.29s           2026-03-12T03:00:06
/opt/airflow/dags/build_event_log.py                           1           0  0.26s           2026-03-12T03:00:06
================================================================================
[2026-03-12T03:00:50.240+0000] {manager.py:878} INFO - 
================================================================================
DAG File Processing Stats

File Path                             PID    Runtime      # DAGs    # Errors  Last Runtime    Last Run
------------------------------------  -----  ---------  --------  ----------  --------------  -------------------
/opt/airflow/dags/build_cases.py                               1           0  0.25s           2026-03-12T03:00:37
/opt/airflow/dags/build_event_log.py                           1           0  0.24s           2026-03-12T03:00:37
================================================================================
[2026-03-12T03:01:00.994+0000] {manager.py:737} INFO - Searching for files in /opt/airflow/dags
[2026-03-12T03:01:01.169+0000] {manager.py:740} INFO - There are 3 files in /opt/airflow/dags
[2026-03-12T03:01:18.837+0000] {manager.py:878} INFO - 
================================================================================
DAG File Processing Stats

File Path                                 PID    Runtime      # DAGs    # Errors  Last Runtime    Last Run
----------------------------------------  -----  ---------  --------  ----------  --------------  -------------------
/opt/airflow/dags/build_process_model.py                           1           0  0.35s           2026-03-12T03:01:01
/opt/airflow/dags/build_cases.py                                   1           0  0.22s           2026-03-12T03:01:07
/opt/airflow/dags/build_event_log.py                               1           0  0.21s           2026-03-12T03:01:07
================================================================================
[2026-03-12T03:01:48.171+0000] {manager.py:878} INFO - 
================================================================================
DAG File Processing Stats

File Path                                 PID    Runtime      # DAGs    # Errors  Last Runtime    Last Run
----------------------------------------  -----  ---------  --------  ----------  --------------  -------------------
/opt/airflow/dags/build_cases.py                                   1           0  0.23s           2026-03-12T03:01:37
/opt/airflow/dags/build_event_log.py                               1           0  0.22s           2026-03-12T03:01:37
/opt/airflow/dags/build_process_model.py                           1           0  0.20s           2026-03-12T03:01:31
================================================================================
[2026-03-12T03:02:17.590+0000] {manager.py:878} INFO - 
================================================================================
DAG File Processing Stats

File Path                                 PID    Runtime      # DAGs    # Errors  Last Runtime    Last Run
----------------------------------------  -----  ---------  --------  ----------  --------------  -------------------
/opt/airflow/dags/build_process_model.py                           1           0  0.24s           2026-03-12T03:02:02
/opt/airflow/dags/build_cases.py                                   1           0  0.21s           2026-03-12T03:02:08
/opt/airflow/dags/build_event_log.py                               1           0  0.20s           2026-03-12T03:02:08
================================================================================
[2026-03-12T03:02:46.346+0000] {manager.py:878} INFO - 
================================================================================
DAG File Processing Stats

File Path                                 PID    Runtime      # DAGs    # Errors  Last Runtime    Last Run
----------------------------------------  -----  ---------  --------  ----------  --------------  -------------------
/opt/airflow/dags/build_process_model.py                           1           0  0.25s           2026-03-12T03:02:32
/opt/airflow/dags/build_cases.py                                   1           0  0.25s           2026-03-12T03:02:38
/opt/airflow/dags/build_event_log.py                               1           0  0.22s           2026-03-12T03:02:38
================================================================================
[2026-03-12T03:03:14.686+0000] {manager.py:878} INFO - 
================================================================================
DAG File Processing Stats

File Path                                 PID    Runtime      # DAGs    # Errors  Last Runtime    Last Run
----------------------------------------  -----  ---------  --------  ----------  --------------  -------------------
/opt/airflow/dags/build_cases.py                                   1           0  0.23s           2026-03-12T03:03:09
/opt/airflow/dags/build_process_model.py                           1           0  0.22s           2026-03-12T03:03:03
/opt/airflow/dags/build_event_log.py                               1           0  0.22s           2026-03-12T03:03:09
================================================================================
[2026-03-12T03:03:44.005+0000] {manager.py:878} INFO - 
================================================================================
DAG File Processing Stats

File Path                                 PID    Runtime      # DAGs    # Errors  Last Runtime    Last Run
----------------------------------------  -----  ---------  --------  ----------  --------------  -------------------
/opt/airflow/dags/build_cases.py                                   1           0  0.23s           2026-03-12T03:03:39
/opt/airflow/dags/build_event_log.py                               1           0  0.22s           2026-03-12T03:03:39
/opt/airflow/dags/build_process_model.py                           1           0  0.21s           2026-03-12T03:03:34
================================================================================
